► resuming image policy podinfo-semver in tis-2 namespace
✔ image policy resumed
◎ waiting for ImagePolicy reconciliation
✔ ImagePolicy podinfo-semver reconciliation completed
✔ selected ref ghcr.io/stefanprodan/podinfo:5.0.3@sha256:8704da90172710d422af855049175c1a8295731cbe2ad3b9a1c1074feecf8c10
