► suspending image policy podinfo-semver in tis-2 namespace
✔ image policy suspended
