# History documentation: https://fluxcd.io/flux/components/helm/helmreleases/#history
[]
