# History documentation: https://fluxcd.io/flux/components/kustomize/kustomizations/#history
[]
