► checking prerequisites
✔ Kubernetes {{ .serverVersion }} >=1.30.0-0
✔ prerequisites checks passed
